// Jest Snapshot v1, https://goo.gl/fbAQLP

exports[`component Avatar render with children 1`] = `ShallowWrapper {}`;

exports[`component Avatar render with icon 1`] = `ShallowWrapper {}`;

exports[`component Avatar render with size 1`] = `ShallowWrapper {}`;

exports[`component Avatar render without props  1`] = `ShallowWrapper {}`;
